<?php return array (
  0 => 'Symfony\\Component\\HttpFoundation\\ParameterBag',
  1 => 'Symfony\\Component\\HttpFoundation\\HeaderBag',
  2 => 'Symfony\\Component\\HttpFoundation\\FileBag',
  3 => 'Symfony\\Component\\HttpFoundation\\ServerBag',
  4 => 'Symfony\\Component\\HttpFoundation\\Request',
  5 => 'Symfony\\Component\\HttpFoundation\\Response',
  6 => 'Symfony\\Component\\HttpFoundation\\ResponseHeaderBag',
  7 => 'Symfony\\Component\\Config\\FileLocator',
  8 => 'Symfony\\Component\\EventDispatcher\\Event',
  9 => 'Symfony\\Component\\EventDispatcher\\ContainerAwareEventDispatcher',
  10 => 'Symfony\\Component\\HttpKernel\\EventListener\\ResponseListener',
  11 => 'Symfony\\Component\\HttpKernel\\EventListener\\RouterListener',
  12 => 'Symfony\\Component\\HttpKernel\\Controller\\ControllerResolver',
  13 => 'Symfony\\Component\\HttpKernel\\Event\\KernelEvent',
  14 => 'Symfony\\Component\\HttpKernel\\Event\\FilterControllerEvent',
  15 => 'Symfony\\Component\\HttpKernel\\Event\\FilterResponseEvent',
  16 => 'Symfony\\Component\\HttpKernel\\Event\\GetResponseEvent',
  17 => 'Symfony\\Component\\HttpKernel\\Event\\GetResponseForControllerResultEvent',
  18 => 'Symfony\\Component\\HttpKernel\\Event\\GetResponseForExceptionEvent',
  19 => 'Symfony\\Component\\HttpKernel\\KernelEvents',
  20 => 'Symfony\\Component\\HttpKernel\\Config\\FileLocator',
  21 => 'Symfony\\Bundle\\FrameworkBundle\\Controller\\ControllerNameParser',
  22 => 'Symfony\\Bundle\\FrameworkBundle\\Controller\\ControllerResolver',
);